This is pdfTeX, Version 3.141592653-2.6-1.40.26 (TeX Live 2024) (preloaded format=pdflatex 2024.5.14)  23 JUL 2026 12:31
entering extended mode
 restricted \write18 enabled.
 file:line:error style messages enabled.
 %&-line parsing enabled.
**analysis_plan
(./analysis_plan.tex
LaTeX2e <2023-11-01> patch level 1
L3 programming layer <2024-02-20>
(/usr/local/texlive/2024/texmf-dist/tex/latex/base/article.cls
Document Class: article 2023/05/17 v1.4n Standard LaTeX document class
(/usr/local/texlive/2024/texmf-dist/tex/latex/base/size10.clo
File: size10.clo 2023/05/17 v1.4n Standard LaTeX file (size option)
)
\c@part=\count188
\c@section=\count189
\c@subsection=\count190
\c@subsubsection=\count191
\c@paragraph=\count192
\c@subparagraph=\count193
\c@figure=\count194
\c@table=\count195
\abovecaptionskip=\skip48
\belowcaptionskip=\skip49
\bibindent=\dimen140
) (/usr/local/texlive/2024/texmf-dist/tex/latex/amsmath/amsmath.sty
Package: amsmath 2023/05/13 v2.17o AMS math features
\@mathmargin=\skip50

For additional information on amsmath, use the `?' option.
(/usr/local/texlive/2024/texmf-dist/tex/latex/amsmath/amstext.sty
Package: amstext 2021/08/26 v2.01 AMS text
 (/usr/local/texlive/2024/texmf-dist/tex/latex/amsmath/amsgen.sty
File: amsgen.sty 1999/11/30 v2.0 generic functions
\@emptytoks=\toks17
\ex@=\dimen141
)) (/usr/local/texlive/2024/texmf-dist/tex/latex/amsmath/amsbsy.sty
Package: amsbsy 1999/11/29 v1.2d Bold Symbols
\pmbraise@=\dimen142
) (/usr/local/texlive/2024/texmf-dist/tex/latex/amsmath/amsopn.sty
Package: amsopn 2022/04/08 v2.04 operator names
)
\inf@bad=\count196
LaTeX Info: Redefining \frac on input line 234.
\uproot@=\count197
\leftroot@=\count198
LaTeX Info: Redefining \overline on input line 399.
LaTeX Info: Redefining \colon on input line 410.
\classnum@=\count199
\DOTSCASE@=\count266
LaTeX Info: Redefining \ldots on input line 496.
LaTeX Info: Redefining \dots on input line 499.
LaTeX Info: Redefining \cdots on input line 620.
\Mathstrutbox@=\box51
\strutbox@=\box52
LaTeX Info: Redefining \big on input line 722.
LaTeX Info: Redefining \Big on input line 723.
LaTeX Info: Redefining \bigg on input line 724.
LaTeX Info: Redefining \Bigg on input line 725.
\big@size=\dimen143
LaTeX Font Info:    Redeclaring font encoding OML on input line 743.
LaTeX Font Info:    Redeclaring font encoding OMS on input line 744.
\macc@depth=\count267
LaTeX Info: Redefining \bmod on input line 905.
LaTeX Info: Redefining \pmod on input line 910.
LaTeX Info: Redefining \smash on input line 940.
LaTeX Info: Redefining \relbar on input line 970.
LaTeX Info: Redefining \Relbar on input line 971.
\c@MaxMatrixCols=\count268
\dotsspace@=\muskip16
\c@parentequation=\count269
\dspbrk@lvl=\count270
\tag@help=\toks18
\row@=\count271
\column@=\count272
\maxfields@=\count273
\andhelp@=\toks19
\eqnshift@=\dimen144
\alignsep@=\dimen145
\tagshift@=\dimen146
\tagwidth@=\dimen147
\totwidth@=\dimen148
\lineht@=\dimen149
\@envbody=\toks20
\multlinegap=\skip51
\multlinetaggap=\skip52
\mathdisplay@stack=\toks21
LaTeX Info: Redefining \[ on input line 2953.
LaTeX Info: Redefining \] on input line 2954.
) (/usr/local/texlive/2024/texmf-dist/tex/latex/amsfonts/amssymb.sty
Package: amssymb 2013/01/14 v3.01 AMS font symbols
 (/usr/local/texlive/2024/texmf-dist/tex/latex/amsfonts/amsfonts.sty
Package: amsfonts 2013/01/14 v3.01 Basic AMSFonts support
\symAMSa=\mathgroup4
\symAMSb=\mathgroup5
LaTeX Font Info:    Redeclaring math symbol \hbar on input line 98.
LaTeX Font Info:    Overwriting math alphabet `\mathfrak' in version `bold'
(Font)                  U/euf/m/n --> U/euf/b/n on input line 106.
)) (/usr/local/texlive/2024/texmf-dist/tex/latex/amscls/amsthm.sty
Package: amsthm 2020/05/29 v2.20.6
\thm@style=\toks22
\thm@bodyfont=\toks23
\thm@headfont=\toks24
\thm@notefont=\toks25
\thm@headpunct=\toks26
\thm@preskip=\skip53
\thm@postskip=\skip54
\thm@headsep=\skip55
\dth@everypar=\toks27
) (/usr/local/texlive/2024/texmf-dist/tex/latex/amsmath/amscd.sty
Package: amscd 2017/04/14 v2.1 AMS Commutative Diagrams
\athelp@=\toks28
\minaw@=\dimen150
\bigaw@=\dimen151
\minCDarrowwidth=\dimen152
) (/usr/local/texlive/2024/texmf-dist/tex/latex/biblatex/biblatex.sty
Package: biblatex 2023/03/05 v3.19 programmable bibliographies (PK/MW)
 (/usr/local/texlive/2024/texmf-dist/tex/generic/pdftexcmds/pdftexcmds.sty
Package: pdftexcmds 2020-06-27 v0.33 Utility functions of pdfTeX for LuaTeX (HO)
 (/usr/local/texlive/2024/texmf-dist/tex/generic/infwarerr/infwarerr.sty
Package: infwarerr 2019/12/03 v1.5 Providing info/warning/error messages (HO)
) (/usr/local/texlive/2024/texmf-dist/tex/generic/iftex/iftex.sty
Package: iftex 2022/02/03 v1.0f TeX engine tests
) (/usr/local/texlive/2024/texmf-dist/tex/generic/ltxcmds/ltxcmds.sty
Package: ltxcmds 2023-12-04 v1.26 LaTeX kernel commands for general use (HO)
)
Package pdftexcmds Info: \pdf@primitive is available.
Package pdftexcmds Info: \pdf@ifprimitive is available.
Package pdftexcmds Info: \pdfdraftmode found.
) (/usr/local/texlive/2024/texmf-dist/tex/latex/etoolbox/etoolbox.sty
Package: etoolbox 2020/10/05 v2.5k e-TeX tools for LaTeX (JAW)
\etb@tempcnta=\count274
) (/usr/local/texlive/2024/texmf-dist/tex/latex/graphics/keyval.sty
Package: keyval 2022/05/29 v1.15 key=value parser (DPC)
\KV@toks@=\toks29
) (/usr/local/texlive/2024/texmf-dist/tex/latex/kvoptions/kvoptions.sty
Package: kvoptions 2022-06-15 v3.15 Key value format for package options (HO)
 (/usr/local/texlive/2024/texmf-dist/tex/latex/kvsetkeys/kvsetkeys.sty
Package: kvsetkeys 2022-10-05 v1.19 Key value parser (HO)
)) (/usr/local/texlive/2024/texmf-dist/tex/latex/logreq/logreq.sty
Package: logreq 2010/08/04 v1.0 xml request logger
\lrq@indent=\count275
 (/usr/local/texlive/2024/texmf-dist/tex/latex/logreq/logreq.def
File: logreq.def 2010/08/04 v1.0 logreq spec v1.0
)) (/usr/local/texlive/2024/texmf-dist/tex/latex/base/ifthen.sty
Package: ifthen 2022/04/13 v1.1d Standard LaTeX ifthen package (DPC)
) (/usr/local/texlive/2024/texmf-dist/tex/latex/url/url.sty
\Urlmuskip=\muskip17
Package: url 2013/09/16  ver 3.4  Verb mode for urls, etc.
)
\c@tabx@nest=\count276
\c@listtotal=\count277
\c@listcount=\count278
\c@liststart=\count279
\c@liststop=\count280
\c@citecount=\count281
\c@citetotal=\count282
\c@multicitecount=\count283
\c@multicitetotal=\count284
\c@instcount=\count285
\c@maxnames=\count286
\c@minnames=\count287
\c@maxitems=\count288
\c@minitems=\count289
\c@citecounter=\count290
\c@maxcitecounter=\count291
\c@savedcitecounter=\count292
\c@uniquelist=\count293
\c@uniquename=\count294
\c@refsection=\count295
\c@refsegment=\count296
\c@maxextratitle=\count297
\c@maxextratitleyear=\count298
\c@maxextraname=\count299
\c@maxextradate=\count300
\c@maxextraalpha=\count301
\c@abbrvpenalty=\count302
\c@highnamepenalty=\count303
\c@lownamepenalty=\count304
\c@maxparens=\count305
\c@parenlevel=\count306
\blx@tempcnta=\count307
\blx@tempcntb=\count308
\blx@tempcntc=\count309
\c@blx@maxsection=\count310
\blx@maxsegment@0=\count311
\blx@notetype=\count312
\blx@parenlevel@text=\count313
\blx@parenlevel@foot=\count314
\blx@sectionciteorder@0=\count315
\blx@sectionciteorderinternal@0=\count316
\blx@entrysetcounter=\count317
\blx@biblioinstance=\count318
\labelnumberwidth=\skip56
\labelalphawidth=\skip57
\biblabelsep=\skip58
\bibitemsep=\skip59
\bibnamesep=\skip60
\bibinitsep=\skip61
\bibparsep=\skip62
\bibhang=\skip63
\blx@bcfin=\read2
\blx@bcfout=\write3
\blx@langwohyphens=\language89
\c@mincomprange=\count319
\c@maxcomprange=\count320
\c@mincompwidth=\count321
Package biblatex Info: Trying to load biblatex default data model...
Package biblatex Info: ... file 'blx-dm.def' found.
 (/usr/local/texlive/2024/texmf-dist/tex/latex/biblatex/blx-dm.def
File: blx-dm.def 2023/03/05 v3.19 biblatex localization (PK/MW)
)
Package biblatex Info: Trying to load biblatex custom data model...
Package biblatex Info: ... file 'biblatex-dm.cfg' not found.
\c@afterword=\count322
\c@savedafterword=\count323
\c@annotator=\count324
\c@savedannotator=\count325
\c@author=\count326
\c@savedauthor=\count327
\c@bookauthor=\count328
\c@savedbookauthor=\count329
\c@commentator=\count330
\c@savedcommentator=\count331
\c@editor=\count332
\c@savededitor=\count333
\c@editora=\count334
\c@savededitora=\count335
\c@editorb=\count336
\c@savededitorb=\count337
\c@editorc=\count338
\c@savededitorc=\count339
\c@foreword=\count340
\c@savedforeword=\count341
\c@holder=\count342
\c@savedholder=\count343
\c@introduction=\count344
\c@savedintroduction=\count345
\c@namea=\count346
\c@savednamea=\count347
\c@nameb=\count348
\c@savednameb=\count349
\c@namec=\count350
\c@savednamec=\count351
\c@translator=\count352
\c@savedtranslator=\count353
\c@shortauthor=\count354
\c@savedshortauthor=\count355
\c@shorteditor=\count356
\c@savedshorteditor=\count357
\c@labelname=\count358
\c@savedlabelname=\count359
\c@institution=\count360
\c@savedinstitution=\count361
\c@lista=\count362
\c@savedlista=\count363
\c@listb=\count364
\c@savedlistb=\count365
\c@listc=\count366
\c@savedlistc=\count367
\c@listd=\count368
\c@savedlistd=\count369
\c@liste=\count370
\c@savedliste=\count371
\c@listf=\count372
\c@savedlistf=\count373
\c@location=\count374
\c@savedlocation=\count375
\c@organization=\count376
\c@savedorganization=\count377
\c@origlocation=\count378
\c@savedoriglocation=\count379
\c@origpublisher=\count380
\c@savedorigpublisher=\count381
\c@publisher=\count382
\c@savedpublisher=\count383
\c@language=\count384
\c@savedlanguage=\count385
\c@origlanguage=\count386
\c@savedoriglanguage=\count387
\c@pageref=\count388
\c@savedpageref=\count389
\shorthandwidth=\skip64
\shortjournalwidth=\skip65
\shortserieswidth=\skip66
\shorttitlewidth=\skip67
\shortauthorwidth=\skip68
\shorteditorwidth=\skip69
\locallabelnumberwidth=\skip70
\locallabelalphawidth=\skip71
\localshorthandwidth=\skip72
\localshortjournalwidth=\skip73
\localshortserieswidth=\skip74
\localshorttitlewidth=\skip75
\localshortauthorwidth=\skip76
\localshorteditorwidth=\skip77
Package biblatex Info: Trying to load compatibility code...
Package biblatex Info: ... file 'blx-compat.def' found.
 (/usr/local/texlive/2024/texmf-dist/tex/latex/biblatex/blx-compat.def
File: blx-compat.def 2023/03/05 v3.19 biblatex compatibility (PK/MW)
)
Package biblatex Info: Trying to load generic definitions...
Package biblatex Info: ... file 'biblatex.def' found.
 (/usr/local/texlive/2024/texmf-dist/tex/latex/biblatex/biblatex.def
File: biblatex.def 2023/03/05 v3.19 biblatex compatibility (PK/MW)
\c@textcitecount=\count390
\c@textcitetotal=\count391
\c@textcitemaxnames=\count392
\c@biburlbigbreakpenalty=\count393
\c@biburlbreakpenalty=\count394
\c@biburlnumpenalty=\count395
\c@biburlucpenalty=\count396
\c@biburllcpenalty=\count397
\biburlbigskip=\muskip18
\biburlnumskip=\muskip19
\biburlucskip=\muskip20
\biburllcskip=\muskip21
\c@smartand=\count398
)
Package biblatex Info: Trying to load bibliography style 'numeric'...
Package biblatex Info: ... file 'numeric.bbx' found.
 (/usr/local/texlive/2024/texmf-dist/tex/latex/biblatex/bbx/numeric.bbx
File: numeric.bbx 2023/03/05 v3.19 biblatex bibliography style (PK/MW)
Package biblatex Info: Trying to load bibliography style 'standard'...
Package biblatex Info: ... file 'standard.bbx' found.
 (/usr/local/texlive/2024/texmf-dist/tex/latex/biblatex/bbx/standard.bbx
File: standard.bbx 2023/03/05 v3.19 biblatex bibliography style (PK/MW)
\c@bbx:relatedcount=\count399
\c@bbx:relatedtotal=\count400
))
Package biblatex Info: Trying to load citation style 'numeric'...
Package biblatex Info: ... file 'numeric.cbx' found.
 (/usr/local/texlive/2024/texmf-dist/tex/latex/biblatex/cbx/numeric.cbx
File: numeric.cbx 2023/03/05 v3.19 biblatex citation style (PK/MW)
Package biblatex Info: Redefining '\cite'.
Package biblatex Info: Redefining '\parencite'.
Package biblatex Info: Redefining '\footcite'.
Package biblatex Info: Redefining '\footcitetext'.
Package biblatex Info: Redefining '\smartcite'.
Package biblatex Info: Redefining '\supercite'.
Package biblatex Info: Redefining '\textcite'.
Package biblatex Info: Redefining '\textcites'.
Package biblatex Info: Redefining '\cites'.
Package biblatex Info: Redefining '\parencites'.
Package biblatex Info: Redefining '\smartcites'.
)
Package biblatex Info: Trying to load configuration file...
Package biblatex Info: ... file 'biblatex.cfg' found.
 (/usr/local/texlive/2024/texmf-dist/tex/latex/biblatex/biblatex.cfg
File: biblatex.cfg 
)
Package biblatex Info: Input encoding 'utf8' detected.
Package biblatex Info: Document encoding is UTF8 ....
 (/usr/local/texlive/2024/texmf-dist/tex/latex/l3kernel/expl3.sty
Package: expl3 2024-02-20 L3 programming layer (loader) 
 (/usr/local/texlive/2024/texmf-dist/tex/latex/l3backend/l3backend-pdftex.def
File: l3backend-pdftex.def 2024-02-20 L3 backend support: PDF output (pdfTeX)
\l__color_backend_stack_int=\count401
\l__pdf_internal_box=\box53
))
Package biblatex Info: ... and expl3
(biblatex)             2024-02-20 L3 programming layer (loader) 
(biblatex)             is new enough (at least 2020/04/06),
(biblatex)             setting 'casechanger=expl3'.
 (/usr/local/texlive/2024/texmf-dist/tex/latex/biblatex/blx-case-expl3.sty (/usr/local/texlive/2024/texmf-dist/tex/latex/l3packages/xparse/xparse.sty
Package: xparse 2024-02-18 L3 Experimental document command parser
)
Package: blx-case-expl3 2023/03/05 v3.19 expl3 case changing code for biblatex
)) (/usr/local/texlive/2024/texmf-dist/tex/latex/hyperref/hyperref.sty
Package: hyperref 2024-01-20 v7.01h Hypertext links for LaTeX
 (/usr/local/texlive/2024/texmf-dist/tex/generic/kvdefinekeys/kvdefinekeys.sty
Package: kvdefinekeys 2019-12-19 v1.6 Define keys (HO)
) (/usr/local/texlive/2024/texmf-dist/tex/generic/pdfescape/pdfescape.sty
Package: pdfescape 2019/12/09 v1.15 Implements pdfTeX's escape features (HO)
) (/usr/local/texlive/2024/texmf-dist/tex/latex/hycolor/hycolor.sty
Package: hycolor 2020-01-27 v1.10 Color options for hyperref/bookmark (HO)
) (/usr/local/texlive/2024/texmf-dist/tex/latex/auxhook/auxhook.sty
Package: auxhook 2019-12-17 v1.6 Hooks for auxiliary files (HO)
) (/usr/local/texlive/2024/texmf-dist/tex/latex/hyperref/nameref.sty
Package: nameref 2023-11-26 v2.56 Cross-referencing by name of section
 (/usr/local/texlive/2024/texmf-dist/tex/latex/refcount/refcount.sty
Package: refcount 2019/12/15 v3.6 Data extraction from label references (HO)
) (/usr/local/texlive/2024/texmf-dist/tex/generic/gettitlestring/gettitlestring.sty
Package: gettitlestring 2019/12/15 v1.6 Cleanup title references (HO)
)
\c@section@level=\count402
)
\@linkdim=\dimen153
\Hy@linkcounter=\count403
\Hy@pagecounter=\count404
 (/usr/local/texlive/2024/texmf-dist/tex/latex/hyperref/pd1enc.def
File: pd1enc.def 2024-01-20 v7.01h Hyperref: PDFDocEncoding definition (HO)
Now handling font encoding PD1 ...
... no UTF-8 mapping file for font encoding PD1
) (/usr/local/texlive/2024/texmf-dist/tex/generic/intcalc/intcalc.sty
Package: intcalc 2019/12/15 v1.3 Expandable calculations with integers (HO)
)
\Hy@SavedSpaceFactor=\count405
 (/usr/local/texlive/2024/texmf-dist/tex/latex/hyperref/puenc.def
File: puenc.def 2024-01-20 v7.01h Hyperref: PDF Unicode definition (HO)
Now handling font encoding PU ...
... no UTF-8 mapping file for font encoding PU
)
Package hyperref Info: Hyper figures OFF on input line 4179.
Package hyperref Info: Link nesting OFF on input line 4184.
Package hyperref Info: Hyper index ON on input line 4187.
Package hyperref Info: Plain pages OFF on input line 4194.
Package hyperref Info: Backreferencing OFF on input line 4199.
Package hyperref Info: Implicit mode ON; LaTeX internals redefined.
Package hyperref Info: Bookmarks ON on input line 4446.
\c@Hy@tempcnt=\count406
LaTeX Info: Redefining \url on input line 4784.
\XeTeXLinkMargin=\dimen154
 (/usr/local/texlive/2024/texmf-dist/tex/generic/bitset/bitset.sty
Package: bitset 2019/12/09 v1.3 Handle bit-vector datatype (HO)
 (/usr/local/texlive/2024/texmf-dist/tex/generic/bigintcalc/bigintcalc.sty
Package: bigintcalc 2019/12/15 v1.5 Expandable calculations on big integers (HO)
))
\Fld@menulength=\count407
\Field@Width=\dimen155
\Fld@charsize=\dimen156
Package hyperref Info: Hyper figures OFF on input line 6063.
Package hyperref Info: Link nesting OFF on input line 6068.
Package hyperref Info: Hyper index ON on input line 6071.
Package hyperref Info: backreferencing OFF on input line 6078.
Package hyperref Info: Link coloring OFF on input line 6083.
Package hyperref Info: Link coloring with OCG OFF on input line 6088.
Package hyperref Info: PDF/A mode OFF on input line 6093.
 (/usr/local/texlive/2024/texmf-dist/tex/latex/base/atbegshi-ltx.sty
Package: atbegshi-ltx 2021/01/10 v1.0c Emulation of the original atbegshi
package with kernel methods
)
\Hy@abspage=\count408
\c@Item=\count409
\c@Hfootnote=\count410
)
Package hyperref Info: Driver (autodetected): hpdftex.
 (/usr/local/texlive/2024/texmf-dist/tex/latex/hyperref/hpdftex.def
File: hpdftex.def 2024-01-20 v7.01h Hyperref driver for pdfTeX
 (/usr/local/texlive/2024/texmf-dist/tex/latex/base/atveryend-ltx.sty
Package: atveryend-ltx 2020/08/19 v1.0a Emulation of the original atveryend package
with kernel methods
)
\Fld@listcount=\count411
\c@bookmark@seq@number=\count412
 (/usr/local/texlive/2024/texmf-dist/tex/latex/rerunfilecheck/rerunfilecheck.sty
Package: rerunfilecheck 2022-07-10 v1.10 Rerun checks for auxiliary files (HO)
 (/usr/local/texlive/2024/texmf-dist/tex/generic/uniquecounter/uniquecounter.sty
Package: uniquecounter 2019/12/15 v1.4 Provide unlimited unique counter (HO)
)
Package uniquecounter Info: New unique counter `rerunfilecheck' on input line 285.
)
\Hy@SectionHShift=\skip78
)
\@quotelevel=\count413
\@quotereset=\count414
 (./analysis_plan.aux)
\openout1 = `analysis_plan.aux'.

LaTeX Font Info:    Checking defaults for OML/cmm/m/it on input line 22.
LaTeX Font Info:    ... okay on input line 22.
LaTeX Font Info:    Checking defaults for OMS/cmsy/m/n on input line 22.
LaTeX Font Info:    ... okay on input line 22.
LaTeX Font Info:    Checking defaults for OT1/cmr/m/n on input line 22.
LaTeX Font Info:    ... okay on input line 22.
LaTeX Font Info:    Checking defaults for T1/cmr/m/n on input line 22.
LaTeX Font Info:    ... okay on input line 22.
LaTeX Font Info:    Checking defaults for TS1/cmr/m/n on input line 22.
LaTeX Font Info:    ... okay on input line 22.
LaTeX Font Info:    Checking defaults for OMX/cmex/m/n on input line 22.
LaTeX Font Info:    ... okay on input line 22.
LaTeX Font Info:    Checking defaults for U/cmr/m/n on input line 22.
LaTeX Font Info:    ... okay on input line 22.
LaTeX Font Info:    Checking defaults for PD1/pdf/m/n on input line 22.
LaTeX Font Info:    ... okay on input line 22.
LaTeX Font Info:    Checking defaults for PU/pdf/m/n on input line 22.
LaTeX Font Info:    ... okay on input line 22.
Package biblatex Info: Trying to load language 'english'...
Package biblatex Info: ... file 'english.lbx' found.
 (/usr/local/texlive/2024/texmf-dist/tex/latex/biblatex/lbx/english.lbx
File: english.lbx 2023/03/05 v3.19 biblatex localization (PK/MW)
)
Package biblatex Info: Input encoding 'utf8' detected.
Package biblatex Info: Automatic encoding selection.
(biblatex)             Assuming data encoding 'utf8'.
\openout3 = `analysis_plan.bcf'.

Package biblatex Info: Trying to load bibliographic data...
Package biblatex Info: ... file 'analysis_plan.bbl' found.
 (./analysis_plan.bbl)
Package biblatex Info: Reference section=0 on input line 22.
Package biblatex Info: Reference segment=0 on input line 22.
Package hyperref Info: Link coloring OFF on input line 22.
 (./analysis_plan.out) (./analysis_plan.out)
\@outlinefile=\write4
\openout4 = `analysis_plan.out'.

LaTeX Font Info:    Trying to load font information for U+msa on input line 24.
 (/usr/local/texlive/2024/texmf-dist/tex/latex/amsfonts/umsa.fd
File: umsa.fd 2013/01/14 v3.01 AMS symbols A
)
LaTeX Font Info:    Trying to load font information for U+msb on input line 24.
 (/usr/local/texlive/2024/texmf-dist/tex/latex/amsfonts/umsb.fd
File: umsb.fd 2013/01/14 v3.01 AMS symbols B
) [1

{/usr/local/texlive/2024/texmf-var/fonts/map/pdftex/updmap/pdftex.map}] (./analysis_plan.toc
./analysis_plan.toc:31: Missing $ inserted.
<inserted text> 
                $
l.31 ...rline {8}PacBio_Sequences)}{39}{section.8}
                                                  %
I've inserted a begin-math/end-math symbol since I think
you left one out. Proceed, with fingers crossed.

./analysis_plan.toc:31: Extra }, or forgotten $.
<argument> ...t {\numberline {8}PacBio_Sequences)}
                                                  \Hy@toclinkend 
l.31 ...rline {8}PacBio_Sequences)}{39}{section.8}
                                                  %
I've deleted a group-closing symbol because it seems to be
spurious, as in `$x}$'. But perhaps the } is legitimate and
you forgot something else, as in `\hbox{$x}'. In such cases
the way to recover is to insert both the forgotten and the
deleted material, e.g., by typing `I$}'.

./analysis_plan.toc:31: Missing $ inserted.
<inserted text> 
                $
l.31 ...rline {8}PacBio_Sequences)}{39}{section.8}
                                                  %
I've inserted something that you may have forgotten.
(See the <inserted text> above.)
With luck, this will get me unwedged. But if you
really didn't forget anything, try typing `2' now; then
my insertion and my current dilemma will both disappear.

./analysis_plan.toc:31: Missing } inserted.
<inserted text> 
                }
l.31 ...rline {8}PacBio_Sequences)}{39}{section.8}
                                                  %
I've inserted something that you may have forgotten.
(See the <inserted text> above.)
With luck, this will get me unwedged. But if you
really didn't forget anything, try typing `2' now; then
my insertion and my current dilemma will both disappear.

)
\tf@toc=\write5
\openout5 = `analysis_plan.toc'.

 [2]
./analysis_plan.tex:29: Missing $ inserted.
<inserted text> 
                $
l.29 ...: https://github.com/sishuowang/Solutions_
                                                  Manual_CME2006_MESA2014
I've inserted a begin-math/end-math symbol since I think
you left one out. Proceed, with fingers crossed.

./analysis_plan.tex:30: Missing $ inserted.
<inserted text> 
                $
l.30 
     
I've inserted a begin-math/end-math symbol since I think
you left one out. Proceed, with fingers crossed.


Overfull \hbox (50.09526pt too wide) in paragraph at lines 29--30
\OT1/cmr/m/n/10 can be found here: https://github.com/sishuowang/Solutions$[]\OML/cmm/m/it/10 anual[]ME\OT1/cmr/m/n/10 2006[]\OML/cmm/m/it/10 ESA\OT1/cmr/m/n/10 2014$ 
 []


LaTeX Warning: Citation 'kimBeginnersGuideAssembling2022' on page 3 undefined on input line 39.


Overfull \hbox (74.47353pt too wide) in paragraph at lines 39--40
\OT1/cmr/m/n/10 vari-ants with long-read se-quenc-ing tech-nolo-gies. [[]] 
 []


LaTeX Warning: Citation 'rosenblumComplexHistoryAmphibiankilling2013' on page 3 undefined on input line 41.


Overfull \hbox (77.58286pt too wide) in paragraph at lines 41--42
\OT1/cmr/m/n/10 pathogen geno-type and vir-u-lence. [[]] 
 []


LaTeX Warning: Citation 'muletz-wolzDiverseGenotypesAmphibiankilling2019' on page 3 undefined on input line 43.


Overfull \hbox (81.29803pt too wide) in paragraph at lines 43--44
\OT1/cmr/m/n/10 tra-chochytrium den-dro-ba-tidis. [[]] 
 []


LaTeX Warning: Citation 'nielsenDiploidyHaploidGenus2021' on page 3 undefined on input line 47.


Overfull \hbox (124.56265pt too wide) in paragraph at lines 47--48
[]\OT1/cmr/m/n/10 Diploidy within a Hap-loid Genus of En-to-mopathogenic Fungi. [[]] 
 []


LaTeX Warning: Citation 'byrneCrypticDiversityWidespread2019' on page 3 undefined on input line 49.


Overfull \hbox (1.29146pt too wide) in paragraph at lines 49--50
\OT1/cmr/m/n/10 to am-phib-ian con-ser-va-tion. [[]] 
 []


LaTeX Warning: Citation 'refsniderGenomicCorrelatesVirulence2015' on page 3 undefined on input line 51.


Overfull \hbox (112.76613pt too wide) in paragraph at lines 51--52
\OT1/cmr/m/n/10 Chytrid Fun-gus, Ba-tra-chochytrium den-dro-ba-tidis [[]] 
 []


LaTeX Warning: Citation 'DecodingBlueprintOverview2025' on page 3 undefined on input line 53.


LaTeX Warning: Citation 'byrneGenomicPerspectivesPathogenic2020' on page 3 undefined on input line 55.

[3{/usr/local/texlive/2024/texmf-dist/fonts/enc/dvips/cm-super/cm-super-ts1.enc}] [4] [5] [6]

LaTeX Warning: Citation 'zhbannikovSeqyCleanPipelineHighthroughput2017b' on page 7 undefined on input line 136.


Overfull \hbox (10.81822pt too wide) in paragraph at lines 136--137
[]\OT1/cmr/m/n/10 Seqyclean [[]]: An
 []


LaTeX Warning: Citation 'ningSSAHAFastSearch2001' on page 7 undefined on input line 141.


Overfull \hbox (95.12392pt too wide) in paragraph at lines 141--142
[]\OT1/cmr/m/n/10 Atapter Id and Trim-ming (PE over-lap-ping): Uses SSAHA [[]]
 []


LaTeX Warning: Citation 'bolgerTrimmomaticFlexibleTrimmer2014' on page 7 undefined on input line 144.


Overfull \hbox (1.85338pt too wide) in paragraph at lines 144--145
[]\OT1/cmr/m/n/10 Trimmomatic: [[]] An in-dus-
 []

[7]

LaTeX Warning: Citation 'bolgerTrimmomaticFlexibleTrimmer2014' on page 8 undefined on input line 149.


Overfull \hbox (1.31161pt too wide) in paragraph at lines 149--150
[]\OT1/cmr/m/n/10 Palindrome mode: Will find the par-tial adapter se-quence matches
 []


LaTeX Warning: Citation 'martinAlgorithmsToolsAnalysis2014' on page 8 undefined on input line 157.

[8]

LaTeX Warning: Citation 'BBDukGuide' on page 9 undefined on input line 163.


Overfull \hbox (130.68608pt too wide) in paragraph at lines 167--168
\OT1/cmr/m/n/10 is off! Peep this thread post 12 https://www.seqanswers.com/forum/bioinformatics/bioinformatics-
 []


Overfull \hbox (38.77866pt too wide) in paragraph at lines 167--168
\OT1/cmr/m/n/10 aa/37399-introducing-bbduk-adapter-quality-trimming-and-filtering?t=42776 
 []

[9]
./analysis_plan.tex:201: Undefined control sequence.
l.201     \subection
                    {\textbf{Sequence Alignment:}}
The control sequence at the end of the top line
of your error message was never \def'ed. If you have
misspelled it (e.g., `\hobx'), type `I' and the correct
spelling (e.g., `I\hbox'). Otherwise just continue,
and I'll forget about whatever was undefined.


LaTeX Warning: Citation 'schilbertComparisonReadMapping2020' on page 10 undefined on input line 203.


Overfull \hbox (12.0508pt too wide) in paragraph at lines 207--208
[]\OT1/cmr/bx/n/10 Burrow-Wheelers Trans-for-ma-tion: \OT1/cmr/m/n/10 De-vel-oped in 1983 by David Wheeler
 []

[10] [11]

LaTeX Warning: Citation 'muFastAccurateRead2012' on page 12 undefined on input line 218.


LaTeX Warning: Citation 'liDiminishingReturnIncreased2014' on page 12 undefined on input line 221.


LaTeX Warning: Citation 'wuBitpackingTechniquesIndexing2016' on page 12 undefined on input line 221.


LaTeX Warning: Citation 'misraAnatomyHashbasedLong2011' on page 12 undefined on input line 221.


Overfull \hbox (211.13731pt too wide) in paragraph at lines 221--222
\OT1/cmr/m/n/10 [[]][[]][[]] 
 []

[12]

LaTeX Warning: Citation 'schilbertComparisonReadMapping2020' on page 13 undefined on input line 239.

[13]

LaTeX Warning: Citation 'schilbertComparisonReadMapping2020' on page 14 undefined on input line 241.


LaTeX Warning: Citation 'wuBenchmarkingVariantIdentification2019' on page 14 undefined on input line 241.


Overfull \hbox (126.41026pt too wide) in paragraph at lines 241--242
\OT1/cmr/m/n/10 [[]] [[]] 
 []


LaTeX Warning: Citation 'langmeadFastGappedreadAlignment2012a' on page 14 undefined on input line 243.


LaTeX Warning: Citation 'schilbertComparisonReadMapping2020' on page 14 undefined on input line 243.


LaTeX Warning: Citation 'schilbertComparisonReadMapping2020' on page 14 undefined on input line 248.


LaTeX Warning: Citation 'schilbertComparisonReadMapping2020' on page 14 undefined on input line 253.


LaTeX Warning: Citation 'wuBenchmarkingVariantIdentification2019' on page 14 undefined on input line 255.


Overfull \hbox (80.0451pt too wide) in paragraph at lines 255--256
[]\OT1/cmr/bx/n/10 GSNAP: \OT1/cmr/m/n/10 Uses hash ta-ble in-dex-ing. [[]] 
 []


LaTeX Warning: Citation 'muFastAccurateRead2012' on page 14 undefined on input line 260.


Overfull \hbox (36.27878pt too wide) in paragraph at lines 260--261
\OT1/cmr/m/n/10 and Ac-cu-rate read align-ment for re-se-quenc-ing [[]] 
 []


LaTeX Warning: Citation 'muFastAccurateRead2012' on page 14 undefined on input line 265.

[14]

LaTeX Warning: Citation 'lunterStampyStatisticalAlgorithm2011' on page 15 undefined on input line 280.


Overfull \hbox (155.04958pt too wide) in paragraph at lines 280--281
\OT1/cmr/m/n/10 Link to Stampy Git https://github.com/uwb-linux/stampy[[]] 
 []

[15]

LaTeX Warning: Citation 'muFastAccurateRead2012' on page 16 undefined on input line 303.


LaTeX Warning: Citation 'kimBeginnersGuideAssembling2022' on page 16 undefined on input line 306.


LaTeX Warning: Citation 'rosenblumComplexHistoryAmphibiankilling2013' on page 16 undefined on input line 306.


LaTeX Warning: Citation 'muletz-wolzDiverseGenotypesAmphibiankilling2019' on page 16 undefined on input line 306.


LaTeX Warning: Citation 'nielsenDiploidyHaploidGenus2021' on page 16 undefined on input line 306.


LaTeX Warning: Citation 'byrneCrypticDiversityWidespread2019' on page 16 undefined on input line 306.


LaTeX Warning: Citation 'refsniderGenomicCorrelatesVirulence2015' on page 16 undefined on input line 306.


LaTeX Warning: Citation 'lunterStampyStatisticalAlgorithm2011' on page 16 undefined on input line 306.


LaTeX Warning: Citation 'langmeadFastGappedreadAlignment2012a' on page 16 undefined on input line 306.


LaTeX Warning: Citation 'kimBeginnersGuideAssembling2022' on page 16 undefined on input line 306.


LaTeX Warning: Citation 'wuBenchmarkingVariantIdentification2019' on page 16 undefined on input line 306.


LaTeX Warning: Citation 'liDiminishingReturnIncreased2014' on page 16 undefined on input line 306.


LaTeX Warning: Citation 'wuBitpackingTechniquesIndexing2016' on page 16 undefined on input line 306.


LaTeX Warning: Citation 'misraAnatomyHashbasedLong2011' on page 16 undefined on input line 306.


LaTeX Warning: Citation 'muFastAccurateRead2012' on page 16 undefined on input line 306.


LaTeX Warning: Citation '(' on page 16 undefined on input line 306.


Overfull \hbox (5.5815pt too wide) in paragraph at lines 306--307
[]\OT1/cmr/bx/n/10 NOTE: \OT1/cmr/m/n/10 Al-though I tried to make sure I cited ap-pro-r-i-ate jour-nals/publications
 []


Overfull \hbox (7.47348pt too wide) in paragraph at lines 306--307
\OT1/cmr/m/n/10 and un-der-stand-ing the dif-fer-ent tools. [[]],
 []


Overfull \hbox (178.28763pt too wide) in paragraph at lines 306--307
\OT1/cmr/m/n/10 [[]], [[]],
 []


Overfull \hbox (40.35782pt too wide) in paragraph at lines 306--307
\OT1/cmr/m/n/10 [[]], [[]],
 []


Overfull \hbox (78.88402pt too wide) in paragraph at lines 306--307
\OT1/cmr/m/n/10 [[]], [[]],
 []


Overfull \hbox (64.39229pt too wide) in paragraph at lines 306--307
\OT1/cmr/m/n/10 [[]], [[]],
 []


Overfull \hbox (441.53894pt too wide) in paragraph at lines 306--307
\OT1/cmr/m/n/10 [[]], [[]],[[]][[]],
 []

[16] [17] [18] [19]

LaTeX Warning: Citation 'manconiRemovingDuplicateReads2016' on page 20 undefined on input line 330.


LaTeX Warning: Citation 'pingHowErrorCorrection2025' on page 20 undefined on input line 331.


Overfull \hbox (16.95796pt too wide) in paragraph at lines 330--334
\OT1/cmr/m/n/10 [[]], [[]].
 []

[20] [21] [22] [23] [24]
Overfull \hbox (14.05273pt too wide) in paragraph at lines 399--399
\OT1/cmr/bx/n/12 a ref-er-ence genome? The-o-ret-i-cally this should be enough
 []


Overfull \hbox (106.59789pt too wide) in paragraph at lines 404--405
[]\OT1/cmr/bx/n/10 QUAST: \OT1/cmr/m/n/10 https://academic.oup.com/bioinformatics/article/29/8/1072/228832?guestAccessKey= 
 []


Overfull \hbox (118.09085pt too wide) in paragraph at lines 405--406
[]\OT1/cmr/bx/n/10 GenomeScope: \OT1/cmr/m/n/10 https://academic.oup.com/bioinformatics/article/33/14/2202/3089939?login=true
 []


Overfull \hbox (83.1883pt too wide) in paragraph at lines 406--407
[]\OT1/cmr/bx/n/10 kat: \OT1/cmr/m/n/10 https://academic.oup.com/bioinformatics/article/33/4/574/2664339?guestAccessKey= 
 []


Overfull \hbox (2.80588pt too wide) in paragraph at lines 408--409
[]\OT1/cmr/bx/n/10 GenomeQC: \OT1/cmr/m/n/10 https://link.springer.com/article/10.1186/s12864-020-6568-
 []


Overfull \hbox (76.80612pt too wide) in paragraph at lines 409--410
[]\OT1/cmr/bx/n/10 BlobToolkit:\OT1/cmr/m/n/10 https://academic.oup.com/g3journal/article/10/4/1361/6026202?login=true 
 []

./analysis_plan.tex:417: Missing $ inserted.
<inserted text> 
                $
l.417         \item \textbf{LTR_retriever:}
                                           
I've inserted a begin-math/end-math symbol since I think
you left one out. Proceed, with fingers crossed.

./analysis_plan.tex:417: Extra }, or forgotten $.
<recently read> \egroup 
                        
l.417         \item \textbf{LTR_retriever:}
                                           
I've deleted a group-closing symbol because it seems to be
spurious, as in `$x}$'. But perhaps the } is legitimate and
you forgot something else, as in `\hbox{$x}'. In such cases
the way to recover is to insert both the forgotten and the
deleted material, e.g., by typing `I$}'.


./analysis_plan.tex:418: LaTeX Error: Command \item invalid in math mode.

See the LaTeX manual or LaTeX Companion for explanation.
Type  H <return>  for immediate help.
 ...                                              
                                                  
l.418         \item
                    \textbf{Merqury:}
Try typing  <return>  to proceed.
If that doesn't work, type  X <return>  to quit.


./analysis_plan.tex:418: LaTeX Error: Something's wrong--perhaps a missing \item.

See the LaTeX manual or LaTeX Companion for explanation.
Type  H <return>  for immediate help.
 ...                                              
                                                  
l.418         \item \textbf
                           {Merqury:}
Try typing  <return>  to proceed.
If that doesn't work, type  X <return>  to quit.


./analysis_plan.tex:418: LaTeX Error: Something's wrong--perhaps a missing \item.

See the LaTeX manual or LaTeX Companion for explanation.
Type  H <return>  for immediate help.
 ...                                              
                                                  
l.418         \item \textbf
                           {Merqury:}
Try typing  <return>  to proceed.
If that doesn't work, type  X <return>  to quit.


./analysis_plan.tex:419: LaTeX Error: Command \item invalid in math mode.

See the LaTeX manual or LaTeX Companion for explanation.
Type  H <return>  for immediate help.
 ...                                              
                                                  
l.419         \item
                    \textbf{GenomeScope2.0:} Is speific to polyploid.   Geno...
Try typing  <return>  to proceed.
If that doesn't work, type  X <return>  to quit.

./analysis_plan.tex:419: Missing $ inserted.
<inserted text> 
                $
l.419         \item \textbf
                           {GenomeScope2.0:} Is speific to polyploid.   Geno...
I've inserted a begin-math/end-math symbol since I think
you left one out. Proceed, with fingers crossed.

./analysis_plan.tex:419: Missing } inserted.
<inserted text> 
                }
l.419         \item \textbf
                           {GenomeScope2.0:} Is speific to polyploid.   Geno...
I've inserted something that you may have forgotten.
(See the <inserted text> above.)
With luck, this will get me unwedged. But if you
really didn't forget anything, try typing `2' now; then
my insertion and my current dilemma will both disappear.


Overfull \hbox (9.37737pt too wide) in paragraph at lines 419--420
[]\OT1/cmr/bx/n/10 GenomeScope2.0: \OT1/cmr/m/n/10 Is speific to poly-ploid. GenomesS-cope2. and SMUDGE
 []

[25] [26]

./analysis_plan.tex:443: LaTeX Error: Environment eunmerate undefined.

See the LaTeX manual or LaTeX Companion for explanation.
Type  H <return>  for immediate help.
 ...                                              
                                                  
l.443     \begin{eunmerate}
                           
Your command was ignored.
Type  I <command> <return>  to replace it with another command,
or  <return>  to continue without it.


./analysis_plan.tex:444: LaTeX Error: Lonely \item--perhaps a missing list environment.

See the LaTeX manual or LaTeX Companion for explanation.
Type  H <return>  for immediate help.
 ...                                              
                                                  
l.444         \item\textbf
                          {GATK:} Used by rosenblum et al.   Inudstry standard
Try typing  <return>  to proceed.
If that doesn't work, type  X <return>  to quit.


./analysis_plan.tex:445: LaTeX Error: Lonely \item--perhaps a missing list environment.

See the LaTeX manual or LaTeX Companion for explanation.
Type  H <return>  for immediate help.
 ...                                              
                                                  
l.445         \item \textbf
                           {DeepVariant:} Google based AI tool.  Don't know ...
Try typing  <return>  to proceed.
If that doesn't work, type  X <return>  to quit.


./analysis_plan.tex:446: LaTeX Error: Lonely \item--perhaps a missing list environment.

See the LaTeX manual or LaTeX Companion for explanation.
Type  H <return>  for immediate help.
 ...                                              
                                                  
l.446         \item \textbf
                           {Strelka2:} Probable best for smaller datasets.  ...
Try typing  <return>  to proceed.
If that doesn't work, type  X <return>  to quit.


./analysis_plan.tex:447: LaTeX Error: Lonely \item--perhaps a missing list environment.

See the LaTeX manual or LaTeX Companion for explanation.
Type  H <return>  for immediate help.
 ...                                              
                                                  
l.447         \item \textbf
                           {FreeBayes:} Baysian based model
Try typing  <return>  to proceed.
If that doesn't work, type  X <return>  to quit.


./analysis_plan.tex:448: LaTeX Error: Lonely \item--perhaps a missing list environment.

See the LaTeX manual or LaTeX Companion for explanation.
Type  H <return>  for immediate help.
 ...                                              
                                                  
l.448         \item \textbf
                           {VarScan2:}
Try typing  <return>  to proceed.
If that doesn't work, type  X <return>  to quit.


./analysis_plan.tex:449: LaTeX Error: Lonely \item--perhaps a missing list environment.

See the LaTeX manual or LaTeX Companion for explanation.
Type  H <return>  for immediate help.
 ...                                              
                                                  
l.449         \item \textbf
                           {NextGENe:}
Try typing  <return>  to proceed.
If that doesn't work, type  X <return>  to quit.


./analysis_plan.tex:450: LaTeX Error: \begin{document} ended by \end{eunmerate}.

See the LaTeX manual or LaTeX Companion for explanation.
Type  H <return>  for immediate help.
 ...                                              
                                                  
l.450     \end{eunmerate}
                         
Your command was ignored.
Type  I <command> <return>  to replace it with another command,
or  <return>  to continue without it.

[27] [28]

LaTeX Warning: Citation 'kimBeginnersGuideAssembling2022' on page 29 undefined on input line 459.

[29] [30]
Overfull \hbox (16.70064pt too wide) in paragraph at lines 502--503
\OT1/cmr/m/n/10 https://www.seqanswers.com/forum/bioinformatics/bioinformatics-
 []


Overfull \hbox (57.47862pt too wide) in paragraph at lines 502--503
\OT1/cmr/m/n/10 aa/37399-introducing-bbduk-adapter-quality-trimming-and-filtering?t=42776 
 []

[31]
Overfull \hbox (110.49628pt too wide) in paragraph at lines 524--524
 []                \OT1/cmtt/m/n/10 # Github link: https://github.com/malloc3/bd_genetics_analysis.git[] 
 []


Overfull \hbox (236.49518pt too wide) in paragraph at lines 524--524
 []                \OT1/cmtt/m/n/10 # commit 2bd99208b569fa5eb02994aa11b892a83cf0aa78 (HEAD -> main, origin/main, origin/HEAD)[] 
 []


Overfull \hbox (47.49683pt too wide) in paragraph at lines 524--524
 []                \OT1/cmtt/m/n/10 #   Author: Cannon Mallory <mallorycannon15@gmail.com>[] 
 []


Overfull \hbox (199.7455pt too wide) in paragraph at lines 559--559
 []                \OT1/cmtt/m/n/10 java -jar "./Trimmomatic/target/trimmomatic-0.40.jar" PE -threads $number_threads \[] 
 []


Overfull \hbox (173.49573pt too wide) in paragraph at lines 559--559
 []                \OT1/cmtt/m/n/10 -trimlog "$trim_log_file" -summary "$summary_file" -compressLevel 9 -version \[] 
 []


Overfull \hbox (36.99692pt too wide) in paragraph at lines 559--559
 []                \OT1/cmtt/m/n/10 "$full_input_file_path_1" "$full_input_file_path_2"\[] 
 []


Overfull \hbox (136.74605pt too wide) in paragraph at lines 559--559
 []                \OT1/cmtt/m/n/10 "$full_output_file_path_1_paired" "$full_output_file_path_1_unpaired" \[] 
 []


Overfull \hbox (136.74605pt too wide) in paragraph at lines 559--559
 []                \OT1/cmtt/m/n/10 "$full_output_file_path_2_paired" "$full_output_file_path_2_unpaired" \[] 
 []


Overfull \hbox (73.7466pt too wide) in paragraph at lines 559--559
 []                \OT1/cmtt/m/n/10 ILLUMINACLIP:Trimmomatic/adapters/NexteraPE-PE.fa:2:30:10 \[] 
 []

[32]
Overfull \hbox (252.24504pt too wide) in paragraph at lines 559--559
 []                \OT1/cmtt/m/n/10 # HEADCROP:15 removes the first 15 bases without question (I htink I need this not 100% sure)[] 
 []


Overfull \hbox (183.99564pt too wide) in paragraph at lines 559--559
 []                \OT1/cmtt/m/n/10 #ILLUMINACLIP:  NexteraPE-PE.fa: :<seed mismatches>:<palindrome clip threshold>:[] 
 []


Overfull \hbox (173.49573pt too wide) in paragraph at lines 559--559
 []                \OT1/cmtt/m/n/10 #       <simple clip threshold>:<minAdapterLengthPalindrome>:<keepBothReads> :[] 
 []


Overfull \hbox (372.99399pt too wide) in paragraph at lines 559--559
 []                \OT1/cmtt/m/n/10 #   ## NexteraPE-PE.fa - is the folder that has the adapters we want to remove.  Specifcally the full path actually![] 
 []


Overfull \hbox (346.74422pt too wide) in paragraph at lines 559--559
 []                \OT1/cmtt/m/n/10 #                   The specific format of this folder is IMPORTANT beyond just normal fasta files.  LOOK IT UP[] 
 []


Overfull \hbox (346.74422pt too wide) in paragraph at lines 559--559
 []                \OT1/cmtt/m/n/10 #   ## seedMismatches: specifies the maximum mismatch count which will still allow a full match to be performed[] 
 []


Overfull \hbox (530.49261pt too wide) in paragraph at lines 559--559
 []                \OT1/cmtt/m/n/10 #   ## palindromeClipThreshold: specifies how accurate the match between the two 'adapter ligated' reads must be for PE palindrome read alignment.[] 
 []


Overfull \hbox (383.4939pt too wide) in paragraph at lines 559--559
 []                \OT1/cmtt/m/n/10 #   ## simpleClipThreshold: specifies how accurate the match between any adapter etc. sequence must be against a read.[] 
 []


Overfull \hbox (393.9938pt too wide) in paragraph at lines 559--559
 []                \OT1/cmtt/m/n/10 #   ## minAdapterLengthPalindrome: (optional int) specifies the minimum adapter length in palindrome mode [default = 8].[] 
 []


Overfull \hbox (1176.23698pt too wide) in paragraph at lines 559--559
 []                \OT1/cmtt/m/n/10 #   ## keepBothReads: (optional boolean) specifies if both reads should be kept in palindrome mode even when redundant information is found (small inserts)[default = False]. Note: minAdapterLengthPalindrome needs to be set manually to be able to activate keepBothReads.[] 
 []


Overfull \hbox (299.49463pt too wide) in paragraph at lines 559--559
 []                \OT1/cmtt/m/n/10 #  MAXINFO uses their special algorthm to maintain maximum read length while getting rid of bad bases.[] 
 []


Overfull \hbox (42.24687pt too wide) in paragraph at lines 559--559
 []                \OT1/cmtt/m/n/10 #                Its clever and should do good for us[] 
 []


Overfull \hbox (126.24614pt too wide) in paragraph at lines 559--559
 []                \OT1/cmtt/m/n/10 # Remove leading low quality or N bases (below quality 3) (LEADING:3)[] 
 []


Overfull \hbox (136.74605pt too wide) in paragraph at lines 559--559
 []                \OT1/cmtt/m/n/10 # Remove trailing low quality or N bases (below quality 3) (TRAILING:3)[] 
 []


Overfull \hbox (435.99344pt too wide) in paragraph at lines 559--559
 []                \OT1/cmtt/m/n/10 # Scan the read with a 4-base wide sliding window, cutting when the average quality per base drops below 15 (SLIDINGWINDOW:4:15)[] 
 []

[33]
Overfull \hbox (199.7455pt too wide) in paragraph at lines 607--607
 []                \OT1/cmtt/m/n/10 java -jar "./Trimmomatic/target/trimmomatic-0.40.jar" PE -threads $number_threads \[] 
 []


Overfull \hbox (173.49573pt too wide) in paragraph at lines 607--607
 []                \OT1/cmtt/m/n/10 -trimlog "$trim_log_file" -summary "$summary_file" -compressLevel 9 -version \[] 
 []


Overfull \hbox (36.99692pt too wide) in paragraph at lines 607--607
 []                \OT1/cmtt/m/n/10 "$full_input_file_path_1" "$full_input_file_path_2"\[] 
 []


Overfull \hbox (136.74605pt too wide) in paragraph at lines 607--607
 []                \OT1/cmtt/m/n/10 "$full_output_file_path_1_paired" "$full_output_file_path_1_unpaired" \[] 
 []


Overfull \hbox (136.74605pt too wide) in paragraph at lines 607--607
 []                \OT1/cmtt/m/n/10 "$full_output_file_path_2_paired" "$full_output_file_path_2_unpaired" \[] 
 []


Overfull \hbox (15.9971pt too wide) in paragraph at lines 607--607
 []                \OT1/cmtt/m/n/10 ILLUMINACLIP:Trimmomatic/adapters/TruSeq3-PE.fa\[] 
 []


Overfull \hbox (252.24504pt too wide) in paragraph at lines 607--607
 []                \OT1/cmtt/m/n/10 # HEADCROP:15 removes the first 15 bases without question (I htink I need this not 100% sure)[] 
 []


Overfull \hbox (173.49573pt too wide) in paragraph at lines 607--607
 []                \OT1/cmtt/m/n/10 #ILLUMINACLIP:  TruSeq3-PE.fa: :<seed mismatches>:<palindrome clip threshold>:[] 
 []


Overfull \hbox (173.49573pt too wide) in paragraph at lines 607--607
 []                \OT1/cmtt/m/n/10 #       <simple clip threshold>:<minAdapterLengthPalindrome>:<keepBothReads> :[] 
 []


Overfull \hbox (372.99399pt too wide) in paragraph at lines 607--607
 []                \OT1/cmtt/m/n/10 #   ## NexteraPE-PE.fa - is the folder that has the adapters we want to remove.  Specifcally the full path actually![] 
 []


Overfull \hbox (346.74422pt too wide) in paragraph at lines 607--607
 []                \OT1/cmtt/m/n/10 #                   The specific format of this folder is IMPORTANT beyond just normal fasta files.  LOOK IT UP[] 
 []


Overfull \hbox (346.74422pt too wide) in paragraph at lines 607--607
 []                \OT1/cmtt/m/n/10 #   ## seedMismatches: specifies the maximum mismatch count which will still allow a full match to be performed[] 
 []


Overfull \hbox (530.49261pt too wide) in paragraph at lines 607--607
 []                \OT1/cmtt/m/n/10 #   ## palindromeClipThreshold: specifies how accurate the match between the two 'adapter ligated' reads must be for PE palindrome read alignment.[] 
 []


Overfull \hbox (383.4939pt too wide) in paragraph at lines 607--607
 []                \OT1/cmtt/m/n/10 #   ## simpleClipThreshold: specifies how accurate the match between any adapter etc. sequence must be against a read.[] 
 []


Overfull \hbox (393.9938pt too wide) in paragraph at lines 607--607
 []                \OT1/cmtt/m/n/10 #   ## minAdapterLengthPalindrome: (optional int) specifies the minimum adapter length in palindrome mode [default = 8].[] 
 []


Overfull \hbox (1176.23698pt too wide) in paragraph at lines 607--607
 []                \OT1/cmtt/m/n/10 #   ## keepBothReads: (optional boolean) specifies if both reads should be kept in palindrome mode even when redundant information is found (small inserts)[default = False]. Note: minAdapterLengthPalindrome needs to be set manually to be able to activate keepBothReads.[] 
 []


Overfull \hbox (299.49463pt too wide) in paragraph at lines 607--607
 []                \OT1/cmtt/m/n/10 #  MAXINFO uses their special algorthm to maintain maximum read length while getting rid of bad bases.[] 
 []


Overfull \hbox (42.24687pt too wide) in paragraph at lines 607--607
 []                \OT1/cmtt/m/n/10 #                Its clever and should do good for us[] 
 []


Overfull \hbox (126.24614pt too wide) in paragraph at lines 607--607
 []                \OT1/cmtt/m/n/10 # Remove leading low quality or N bases (below quality 3) (LEADING:3)[] 
 []


Overfull \hbox (136.74605pt too wide) in paragraph at lines 607--607
 []                \OT1/cmtt/m/n/10 # Remove trailing low quality or N bases (below quality 3) (TRAILING:3)[] 
 []


Overfull \hbox (446.49335pt too wide) in paragraph at lines 607--607
 []                \OT1/cmtt/m/n/10 # Scan the read with a 4-base wide sliding window, cutting when tethe average quality per base drops below 15 (SLIDINGWINDOW:4:15)[] 
 []

[34]
Overfull \hbox (178.74568pt too wide) in paragraph at lines 623--623
 []            \OT1/cmtt/m/n/10 java -jar "./Trimmomatic/target/trimmomatic-0.40.jar" PE -threads $number_threads \[] 
 []


Overfull \hbox (152.49591pt too wide) in paragraph at lines 623--623
 []            \OT1/cmtt/m/n/10 -trimlog "$trim_log_file" -summary "$summary_file" -compressLevel 9 -version \[] 
 []


Overfull \hbox (15.9971pt too wide) in paragraph at lines 623--623
 []            \OT1/cmtt/m/n/10 "$full_input_file_path_1" "$full_input_file_path_2"\[] 
 []


Overfull \hbox (115.74623pt too wide) in paragraph at lines 623--623
 []            \OT1/cmtt/m/n/10 "$full_output_file_path_1_paired" "$full_output_file_path_1_unpaired" \[] 
 []


Overfull \hbox (115.74623pt too wide) in paragraph at lines 623--623
 []            \OT1/cmtt/m/n/10 "$full_output_file_path_2_paired" "$full_output_file_path_2_unpaired" \[] 
 []


Overfull \hbox (5.4972pt too wide) in paragraph at lines 623--623
 []            \OT1/cmtt/m/n/10 ILLUMINACLIP:Trimmomatic/adapters/TruSeq3-PE-2.fa\[] 
 []


Overfull \hbox (547.24266pt too wide) in paragraph at lines 640--640
 []                    \OT1/cmtt/m/n/10 conda run -n bowtie_environ bowtie2 -x "$reference_genome_name" -1 "$first_file" -2 "$second_file" -p 36 -S "$sam_save_file" --very-sensitive[] 
 []


Overfull \hbox (547.24266pt too wide) in paragraph at lines 647--647
 []                    \OT1/cmtt/m/n/10 ./bwa-mem2-2.2.1_x64-linux/bwa-mem2 mem -o "$sam_save_file" -t "$number_of_threads" -v 3 "$reference_index_path" "$first_file" "$second_file"[] 
 []

[35]
Overfull \hbox (678.49152pt too wide) in paragraph at lines 653--653
 []                    \OT1/cmtt/m/n/10 conda run -n $conda_environ ./stampy/stampy.py -g near_complete -h near_complete -t $number_of_threads --sensitive -o "$sam_save_file" -M "$first_file" "$second_file"[] 
 []


Overfull \hbox (488.49298pt too wide) in paragraph at lines 660--660
 []            \OT1/cmtt/m/n/10 ./seqyclean/bin/seqyclean -qual -dup -detrep -at 0.75 -v "$vector_file" -1 "$full_file_path_1" -2 "$full_file_path_2" -o "$output_prefex_full"[] 
 []

[36]
Overfull \hbox (1.60248pt too wide) in paragraph at lines 685--686
\OT1/cmr/m/n/10 teh BWAMems, seqy-clean out-puts, picard-mark-duplicates, stampy. Need
 []

[37]
Overfull \hbox (120.99619pt too wide) in paragraph at lines 698--698
 []  \OT1/cmtt/m/n/10 ./hifiasm/hifiasm -o $save_file -t$number_of_threads --hg-size 24m -l0 $fastq_file[] 
 []


Overfull \hbox (225.99527pt too wide) in paragraph at lines 698--698
 []  \OT1/cmtt/m/n/10 ./hifiasm/hifiasm -o $save_file -t$number_of_threads --hg-size 24m --primary -l1 --n-hap 4 $fastq_file[] 
 []

[38]
./analysis_plan.tex:710: Missing $ inserted.
<inserted text> 
                $
l.710     \section{PacBio_Sequences)}
                                     
I've inserted a begin-math/end-math symbol since I think
you left one out. Proceed, with fingers crossed.

./analysis_plan.tex:710: Missing $ inserted.
<inserted text> 
                $
l.710     \section{PacBio_Sequences)}
                                     
I've inserted a begin-math/end-math symbol since I think
you left one out. Proceed, with fingers crossed.


Package hyperref Warning: Token not allowed in a PDF string (Unicode):
(hyperref)                removing `subscript' on input line 710.

./analysis_plan.tex:726: Missing $ inserted.
<inserted text> 
                $
l.726 .../hifiasm/hifiasm -o $save_file -t$number_
                                                  of_threads --hg-size 24m -...
I've inserted a begin-math/end-math symbol since I think
you left one out. Proceed, with fingers crossed.

./analysis_plan.tex:726: Missing $ inserted.
<inserted text> 
                $
l.726 ...mber_of_threads --hg-size 24m -l0 $fastq_
                                                  file
I've inserted a begin-math/end-math symbol since I think
you left one out. Proceed, with fingers crossed.

./analysis_plan.tex:727: Missing $ inserted.
<inserted text> 
                $
l.727 
      
I've inserted a begin-math/end-math symbol since I think
you left one out. Proceed, with fingers crossed.

./analysis_plan.tex:727: Missing } inserted.
<inserted text> 
                }
l.727 
      
I've inserted something that you may have forgotten.
(See the <inserted text> above.)
With luck, this will get me unwedged. But if you
really didn't forget anything, try typing `2' now; then
my insertion and my current dilemma will both disappear.

./analysis_plan.tex:727: Extra }, or forgotten \endgroup.
\par ...m \@noitemerr {\@@par }\fi \else {\@@par }
                                                  \fi 
l.727 
      
I've deleted a group-closing symbol because it seems to be
spurious, as in `$x}$'. But perhaps the } is legitimate and
you forgot something else, as in `\hbox{$x}'. In such cases
the way to recover is to insert both the forgotten and the
deleted material, e.g., by typing `I$}'.

[39]
./analysis_plan.tex:730: Missing $ inserted.
<inserted text> 
                $
l.730         \item `prefix`.r_
                               utg.gfa: haplotype-resolved raw unitig graph....
I've inserted a begin-math/end-math symbol since I think
you left one out. Proceed, with fingers crossed.


./analysis_plan.tex:731: LaTeX Error: Command \item invalid in math mode.

See the LaTeX manual or LaTeX Companion for explanation.
Type  H <return>  for immediate help.
 ...                                              
                                                  
l.731         \item
                    `prefix`.p_utg.gfa: haplotype-resolved processed unitig ...
Try typing  <return>  to proceed.
If that doesn't work, type  X <return>  to quit.


./analysis_plan.tex:731: LaTeX Error: Something's wrong--perhaps a missing \item.

See the LaTeX manual or LaTeX Companion for explanation.
Type  H <return>  for immediate help.
 ...                                              
                                                  
l.731         \item `
                     prefix`.p_utg.gfa: haplotype-resolved processed unitig ...
Try typing  <return>  to proceed.
If that doesn't work, type  X <return>  to quit.


./analysis_plan.tex:731: LaTeX Error: Something's wrong--perhaps a missing \item.

See the LaTeX manual or LaTeX Companion for explanation.
Type  H <return>  for immediate help.
 ...                                              
                                                  
l.731         \item `
                     prefix`.p_utg.gfa: haplotype-resolved processed unitig ...
Try typing  <return>  to proceed.
If that doesn't work, type  X <return>  to quit.


./analysis_plan.tex:732: LaTeX Error: Command \item invalid in math mode.

See the LaTeX manual or LaTeX Companion for explanation.
Type  H <return>  for immediate help.
 ...                                              
                                                  
l.732         \item
                    `prefix`.p_ctg.gfa: assembly graph of primary contigs.
Try typing  <return>  to proceed.
If that doesn't work, type  X <return>  to quit.

./analysis_plan.tex:732: Missing $ inserted.
<inserted text> 
                $
l.732         \item `
                     prefix`.p_ctg.gfa: assembly graph of primary contigs.
I've inserted a begin-math/end-math symbol since I think
you left one out. Proceed, with fingers crossed.

./analysis_plan.tex:732: Missing } inserted.
<inserted text> 
                }
l.732         \item `
                     prefix`.p_ctg.gfa: assembly graph of primary contigs.
I've inserted something that you may have forgotten.
(See the <inserted text> above.)
With luck, this will get me unwedged. But if you
really didn't forget anything, try typing `2' now; then
my insertion and my current dilemma will both disappear.


Overfull \hbox (209.22957pt too wide) in paragraph at lines 730--732
[]\OT1/cmr/m/n/10 `prefix`.r$[]\OML/cmm/m/it/10 tg:gfa \OT1/cmr/m/n/10 : \OML/cmm/m/it/10 haplotype \OMS/cmsy/m/n/10 ^^@ \OML/cmm/m/it/10 resolvedrawunitiggraph:Thisgraphkeepsallhaplotypeinformation:\OT1/cmr/m/n/10 `\OML/cmm/m/it/10 prefix\OT1/cmr/m/n/10 `\OML/cmm/m/it/10 :p[]tg:gfa \OT1/cmr/m/n/10 :
 []

./analysis_plan.tex:732: Extra }, or forgotten \endgroup.
\par ...m \@noitemerr {\@@par }\fi \else {\@@par }
                                                  \fi 
l.732         \item `
                     prefix`.p_ctg.gfa: assembly graph of primary contigs.
I've deleted a group-closing symbol because it seems to be
spurious, as in `$x}$'. But perhaps the } is legitimate and
you forgot something else, as in `\hbox{$x}'. In such cases
the way to recover is to insert both the forgotten and the
deleted material, e.g., by typing `I$}'.

./analysis_plan.tex:732: Missing $ inserted.
<inserted text> 
                $
l.732         \item `prefix`.p_
                               ctg.gfa: assembly graph of primary contigs.
I've inserted a begin-math/end-math symbol since I think
you left one out. Proceed, with fingers crossed.


./analysis_plan.tex:733: LaTeX Error: Command \item invalid in math mode.

See the LaTeX manual or LaTeX Companion for explanation.
Type  H <return>  for immediate help.
 ...                                              
                                                  
l.733         \item
                    `prefix`.a_ctg.gfa: assembly graph of alternate contigs.
Try typing  <return>  to proceed.
If that doesn't work, type  X <return>  to quit.


./analysis_plan.tex:733: LaTeX Error: Something's wrong--perhaps a missing \item.

See the LaTeX manual or LaTeX Companion for explanation.
Type  H <return>  for immediate help.
 ...                                              
                                                  
l.733         \item `
                     prefix`.a_ctg.gfa: assembly graph of alternate contigs.
Try typing  <return>  to proceed.
If that doesn't work, type  X <return>  to quit.


./analysis_plan.tex:733: LaTeX Error: Something's wrong--perhaps a missing \item.

See the LaTeX manual or LaTeX Companion for explanation.
Type  H <return>  for immediate help.
 ...                                              
                                                  
l.733         \item `
                     prefix`.a_ctg.gfa: assembly graph of alternate contigs.
Try typing  <return>  to proceed.
If that doesn't work, type  X <return>  to quit.


./analysis_plan.tex:734: LaTeX Error: Command \end{itemize} invalid in math mode.

See the LaTeX manual or LaTeX Companion for explanation.
Type  H <return>  for immediate help.
 ...                                              
                                                  
l.734     \end{itemize}
                       
Try typing  <return>  to proceed.
If that doesn't work, type  X <return>  to quit.


./analysis_plan.tex:734: LaTeX Error: Something's wrong--perhaps a missing \item.

See the LaTeX manual or LaTeX Companion for explanation.
Type  H <return>  for immediate help.
 ...                                              
                                                  
l.734     \end{itemize}
                       
Try typing  <return>  to proceed.
If that doesn't work, type  X <return>  to quit.


./analysis_plan.tex:734: LaTeX Error: Something's wrong--perhaps a missing \item.

See the LaTeX manual or LaTeX Companion for explanation.
Type  H <return>  for immediate help.
 ...                                              
                                                  
l.734     \end{itemize}
                       
Try typing  <return>  to proceed.
If that doesn't work, type  X <return>  to quit.

./analysis_plan.tex:734: Missing $ inserted.
<inserted text> 
                $
l.734     \end{itemize}
                       
I've inserted something that you may have forgotten.
(See the <inserted text> above.)
With luck, this will get me unwedged. But if you
really didn't forget anything, try typing `2' now; then
my insertion and my current dilemma will both disappear.


Overfull \hbox (120.89978pt too wide) in paragraph at lines 732--736
[]\OT1/cmr/m/n/10 `prefix`.p$[]\OML/cmm/m/it/10 tg:gfa \OT1/cmr/m/n/10 : \OML/cmm/m/it/10 assemblygraphofprimarycontigs:\OT1/cmr/m/n/10 `\OML/cmm/m/it/10 prefix\OT1/cmr/m/n/10 `\OML/cmm/m/it/10 :a[]tg:gfa \OT1/cmr/m/n/10 : \OML/cmm/m/it/10 assemblygraphofalternatecontigs:$
 []

[40]

LaTeX Warning: Empty bibliography on input line 752.

(./analysis_plan.aux)
 ***********
LaTeX2e <2023-11-01> patch level 1
L3 programming layer <2024-02-20>
 ***********


LaTeX Warning: There were undefined references.

Package rerunfilecheck Info: File `analysis_plan.out' has not changed.
(rerunfilecheck)             Checksum: 81476F17D47FA937339DBAC481528085;7762.

Package biblatex Warning: Please (re)run Biber on the file:
(biblatex)                analysis_plan
(biblatex)                and rerun LaTeX afterwards.

Package logreq Info: Writing requests to 'analysis_plan.run.xml'.
\openout1 = `analysis_plan.run.xml'.

 ) 
Here is how much of TeX's memory you used:
 16204 strings out of 474116
 280591 string characters out of 5743682
 1947187 words of memory out of 5000000
 38239 multiletter control sequences out of 15000+600000
 568647 words of font info for 77 fonts, out of 8000000 for 9000
 1141 hyphenation exceptions out of 8191
 66i,6n,81p,1584b,1348s stack positions out of 10000i,1000n,20000p,200000b,200000s
</usr/local/texlive/2024/texmf-dist/fonts/type1/public/amsfonts/cm/cmbx10.pfb></usr/local/texlive/2024/texmf-dist/fonts/type1/public/amsfonts/cm/cmbx12.pfb></usr/local/texlive/2024/texmf-dist/fonts/type1/public/amsfonts/cm/cmmi10.pfb></usr/local/texlive/2024/texmf-dist/fonts/type1/public/amsfonts/cm/cmmi12.pfb></usr/local/texlive/2024/texmf-dist/fonts/type1/public/amsfonts/cm/cmmi7.pfb></usr/local/texlive/2024/texmf-dist/fonts/type1/public/amsfonts/cm/cmr10.pfb></usr/local/texlive/2024/texmf-dist/fonts/type1/public/amsfonts/cm/cmr12.pfb></usr/local/texlive/2024/texmf-dist/fonts/type1/public/amsfonts/cm/cmr17.pfb></usr/local/texlive/2024/texmf-dist/fonts/type1/public/amsfonts/cm/cmsy10.pfb></usr/local/texlive/2024/texmf-dist/fonts/type1/public/amsfonts/cm/cmti10.pfb></usr/local/texlive/2024/texmf-dist/fonts/type1/public/amsfonts/cm/cmtt10.pfb></usr/local/texlive/2024/texmf-dist/fonts/type1/public/cm-super/sfrm1000.pfb>
Output written on analysis_plan.pdf (40 pages, 270027 bytes).
PDF statistics:
 553 PDF objects out of 1000 (max. 8388607)
 482 compressed objects within 5 object streams
 180 named destinations out of 1000 (max. 500000)
 249 words of extra memory for PDF output out of 10000 (max. 10000000)

